fabricability_t0.6_set2: 816 cells, remaining cap $12.00
Failed to send error report: 403 Forbidden
Exceptions were raised.

Exception report saved to /home/user/edsl_wwil/two_truths_lie_study/two_truths_lie/results/perfect_lie_reversed/pilots/tmp7q7fdjij.html
Exceptions were raised.

Exception report saved to /home/user/edsl_wwil/two_truths_lie_study/two_truths_lie/results/perfect_lie_reversed/pilots/tmps2c6h87l.html
Failed to send error report: 
Exceptions were raised.

Exception report saved to /home/user/edsl_wwil/two_truths_lie_study/two_truths_lie/results/perfect_lie_reversed/pilots/tmp5b3j3d0s.html
Failed to send error report: 403 Forbidden
Exceptions were raised.

Exception report saved to /home/user/edsl_wwil/two_truths_lie_study/two_truths_lie/results/perfect_lie_reversed/pilots/tmpc1e579jj.html
Exceptions were raised.

Exception report saved to /home/user/edsl_wwil/two_truths_lie_study/two_truths_lie/results/perfect_lie_reversed/pilots/tmp2n29d974.html
Exceptions were raised.

Exception report saved to /home/user/edsl_wwil/two_truths_lie_study/two_truths_lie/results/perfect_lie_reversed/pilots/tmpowdnnip8.html
Exceptions were raised.

Exception report saved to /home/user/edsl_wwil/two_truths_lie_study/two_truths_lie/results/perfect_lie_reversed/pilots/tmp33enn4hz.html
Exceptions were raised.

Exception report saved to /home/user/edsl_wwil/two_truths_lie_study/two_truths_lie/results/perfect_lie_reversed/pilots/tmp5mycyhkq.html
Exceptions were raised.

Exception report saved to /home/user/edsl_wwil/two_truths_lie_study/two_truths_lie/results/perfect_lie_reversed/pilots/tmpq53pcsai.html
Failed to send error report: 
Exceptions were raised.

Exception report saved to /home/user/edsl_wwil/two_truths_lie_study/two_truths_lie/results/perfect_lie_reversed/pilots/tmphauwrkmp.html
Exceptions were raised.

Exception report saved to /home/user/edsl_wwil/two_truths_lie_study/two_truths_lie/results/perfect_lie_reversed/pilots/tmpcf8s56q7.html
Exceptions were raised.

Exception report saved to /home/user/edsl_wwil/two_truths_lie_study/two_truths_lie/results/perfect_lie_reversed/pilots/tmpsuavpltp.html
Exceptions were raised.

Exception report saved to /home/user/edsl_wwil/two_truths_lie_study/two_truths_lie/results/perfect_lie_reversed/pilots/tmpc3ea5dy6.html
Exceptions were raised.

Exception report saved to /home/user/edsl_wwil/two_truths_lie_study/two_truths_lie/results/perfect_lie_reversed/pilots/tmpl8zqbj6a.html
Exceptions were raised.

Exception report saved to /home/user/edsl_wwil/two_truths_lie_study/two_truths_lie/results/perfect_lie_reversed/pilots/tmp3mit4bpq.html
Exceptions were raised.

Exception report saved to /home/user/edsl_wwil/two_truths_lie_study/two_truths_lie/results/perfect_lie_reversed/pilots/tmp05togtxz.html
fabricability_t0.6_set2: 813/816 complete, 3 error, spend $10.66 (counted 10.62, billed delta 10.6622); pilot total $10.66
