fabricability_t0.6: 384 cells, remaining cap $10.00
Exceptions were raised.

Exception report saved to /home/user/edsl_wwil/two_truths_lie_study/two_truths_lie/results/perfect_lie_reversed/pilots/tmpo0hac_ks.html
Failed to send error report: 
Exceptions were raised.

Exception report saved to /home/user/edsl_wwil/two_truths_lie_study/two_truths_lie/results/perfect_lie_reversed/pilots/tmpfv80rvgb.html
Exceptions were raised.

Exception report saved to /home/user/edsl_wwil/two_truths_lie_study/two_truths_lie/results/perfect_lie_reversed/pilots/tmp4jgu68ze.html
Exceptions were raised.

Exception report saved to /home/user/edsl_wwil/two_truths_lie_study/two_truths_lie/results/perfect_lie_reversed/pilots/tmpnaruc0d6.html
Exceptions were raised.

Exception report saved to /home/user/edsl_wwil/two_truths_lie_study/two_truths_lie/results/perfect_lie_reversed/pilots/tmpzra_hvop.html
Failed to send error report: 
Exceptions were raised.

Exception report saved to /home/user/edsl_wwil/two_truths_lie_study/two_truths_lie/results/perfect_lie_reversed/pilots/tmp2v9xarq2.html
Failed to send error report: 
Exceptions were raised.

Exception report saved to /home/user/edsl_wwil/two_truths_lie_study/two_truths_lie/results/perfect_lie_reversed/pilots/tmp2ccs16zl.html
Failed to send error report: 
Exceptions were raised.

Exception report saved to /home/user/edsl_wwil/two_truths_lie_study/two_truths_lie/results/perfect_lie_reversed/pilots/tmps5lun4iv.html
Exceptions were raised.

Exception report saved to /home/user/edsl_wwil/two_truths_lie_study/two_truths_lie/results/perfect_lie_reversed/pilots/tmpmtoja7cl.html
Exceptions were raised.

Exception report saved to /home/user/edsl_wwil/two_truths_lie_study/two_truths_lie/results/perfect_lie_reversed/pilots/tmpwa35fqpf.html
Exceptions were raised.

Exception report saved to /home/user/edsl_wwil/two_truths_lie_study/two_truths_lie/results/perfect_lie_reversed/pilots/tmpmb5alz3e.html
fabricability_t0.6: 381/384 complete, 3 error, spend $5.02 (counted 5.02, billed delta 5.0101); pilot total $5.02
