fabricability_t0.6_set3: 48 cells, remaining cap $3.00
Failed to send error report: 
Exceptions were raised.

Exception report saved to /home/user/edsl_wwil/two_truths_lie_study/two_truths_lie/results/perfect_lie_reversed/pilots/tmp75lf165y.html
Exceptions were raised.

Exception report saved to /home/user/edsl_wwil/two_truths_lie_study/two_truths_lie/results/perfect_lie_reversed/pilots/tmpgu7k2m49.html
Exceptions were raised.

Exception report saved to /home/user/edsl_wwil/two_truths_lie_study/two_truths_lie/results/perfect_lie_reversed/pilots/tmp8u6qywt0.html
Exceptions were raised.

Exception report saved to /home/user/edsl_wwil/two_truths_lie_study/two_truths_lie/results/perfect_lie_reversed/pilots/tmpbw307t_s.html
Exceptions were raised.

Exception report saved to /home/user/edsl_wwil/two_truths_lie_study/two_truths_lie/results/perfect_lie_reversed/pilots/tmpq93a6vm4.html
Exceptions were raised.

Exception report saved to /home/user/edsl_wwil/two_truths_lie_study/two_truths_lie/results/perfect_lie_reversed/pilots/tmpff7if1kh.html
fabricability_t0.6_set3: 48/48 complete, 0 error, spend $0.65; pilot total $0.65
comprehension_pilot: 120 cells, remaining cap $2.35
Failed to send error report: 
Exceptions were raised.

Exception report saved to /home/user/edsl_wwil/two_truths_lie_study/two_truths_lie/results/perfect_lie_reversed/pilots/tmpshsvul32.html
comprehension_pilot: 120/120 complete, 0 error, spend $0.02; pilot total $0.67
